// Jest Snapshot v1, https://goo.gl/fbAQLP

exports[`Spinner tests should render correctly 1`] = `
<img
  alt="Loading"
  className="spinner"
  src="/assets/loading-spinner.png"
/>
`;
